
Karthik@Karthik MINGW64 ~/capg/assignments (master|MERGING)
$ git branch js-assignments

Karthik@Karthik MINGW64 ~/capg/assignments (master|MERGING)
$ git branch
  js-assignments
* master

Karthik@Karthik MINGW64 ~/capg/assignments (master|MERGING)
$ cd

Karthik@Karthik MINGW64 ~
$ cd capg

Karthik@Karthik MINGW64 ~/capg (master)
$ cd assignments

Karthik@Karthik MINGW64 ~/capg/assignments (master|MERGING)
$ cd

Karthik@Karthik MINGW64 ~
$ cd capg

Karthik@Karthik MINGW64 ~/capg (master)
$ cd assignments

Karthik@Karthik MINGW64 ~/capg/assignments (master|MERGING)
$ git status
On branch master
You have unmerged paths.
  (fix conflicts and run "git commit")
  (use "git merge --abort" to abort the merge)

Changes to be committed:
        new file:   abc.css

Unmerged paths:
  (use "git add <file>..." to mark resolution)
        both modified:   README.txt


Karthik@Karthik MINGW64 ~/capg/assignments (master|MERGING)
$ git add README.txt

Karthik@Karthik MINGW64 ~/capg/assignments (master|MERGING)
$ vi README.txt

Karthik@Karthik MINGW64 ~/capg/assignments (master|MERGING)
$ git add README.txt

Karthik@Karthik MINGW64 ~/capg/assignments (master|MERGING)
$ git commit -m "readme"
[master e06f38e] readme

Karthik@Karthik MINGW64 ~/capg/assignments (master)
$ git branch
  js-assignments
* master

Karthik@Karthik MINGW64 ~/capg/assignments (master)
$ git checkout js-assignments
Switched to branch 'js-assignments'

Karthik@Karthik MINGW64 ~/capg/assignments (js-assignments)
$ vi hp.js

Karthik@Karthik MINGW64 ~/capg/assignments (js-assignments)
$ git add.

Karthik@Karthik MINGW64 ~/capg/assignments (js-assignments)
$ git add .
warning: LF will be replaced by CRLF in hp.js.
The file will have its original line endings in your working directory

Karthik@Karthik MINGW64 ~/capg/assignments (js-assignments)
$ git commit -m "commiting hp.js"
[js-assignments 29badb7] commiting hp.js
 1 file changed, 1 insertion(+)
 create mode 100644 hp.js

Karthik@Karthik MINGW64 ~/capg/assignments (js-assignments)
$ vi readme.txt

Karthik@Karthik MINGW64 ~/capg/assignments (js-assignments)
$ git add .

Karthik@Karthik MINGW64 ~/capg/assignments (js-assignments)
$ git commit -m "comtng rdme.txt"
[js-assignments 68548a6] comtng rdme.txt
 1 file changed, 1 insertion(+), 1 deletion(-)

Karthik@Karthik MINGW64 ~/capg/assignments (js-assignments)
$ git checkout master
Switched to branch 'master'

Karthik@Karthik MINGW64 ~/capg/assignments (master)
$ ls
README.txt  abc.css  kar.html

Karthik@Karthik MINGW64 ~/capg/assignments (master)
$ vi readme.txt

Karthik@Karthik MINGW64 ~/capg/assignments (master)
$ git add .

Karthik@Karthik MINGW64 ~/capg/assignments (master)
$ git commit -m "red edit"
[master 18ad8a6] red edit
 1 file changed, 1 insertion(+), 1 deletion(-)

Karthik@Karthik MINGW64 ~/capg/assignments (master)
$ git checkout js-assignments
Switched to branch 'js-assignments'

Karthik@Karthik MINGW64 ~/capg/assignments (js-assignments)
$ vi hp.js

Karthik@Karthik MINGW64 ~/capg/assignments (js-assignments)
$ git add .

Karthik@Karthik MINGW64 ~/capg/assignments (js-assignments)
$ git commit -m "hp.js"
[js-assignments 4e53012] hp.js
 1 file changed, 1 insertion(+), 1 deletion(-)

Karthik@Karthik MINGW64 ~/capg/assignments (js-assignments)
$ git checkout master
Switched to branch 'master'

Karthik@Karthik MINGW64 ~/capg/assignments (master)
$ git merge js-assignments
Auto-merging README.txt
CONFLICT (content): Merge conflict in README.txt
Automatic merge failed; fix conflicts and then commit the result.

Karthik@Karthik MINGW64 ~/capg/assignments (master|MERGING)
$ git status
On branch master
You have unmerged paths.
  (fix conflicts and run "git commit")
  (use "git merge --abort" to abort the merge)

Changes to be committed:
        new file:   hp.js

Unmerged paths:
  (use "git add <file>..." to mark resolution)
        both modified:   README.txt


Karthik@Karthik MINGW64 ~/capg/assignments (master|MERGING)
$ vi readme.txt

Karthik@Karthik MINGW64 ~/capg/assignments (master|MERGING)
$ git add .

Karthik@Karthik MINGW64 ~/capg/assignments (master|MERGING)
$ git commit -m "merging cnglict"
[master 22f9c14] merging cnglict

Karthik@Karthik MINGW64 ~/capg/assignments (master)
$ git branch
  js-assignments
* master

Karthik@Karthik MINGW64 ~/capg/assignments (master)
$ ls
README.txt  abc.css  hp.js  kar.html

Karthik@Karthik MINGW64 ~/capg/assignments (master)
$ git branch -d js-assignments
Deleted branch js-assignments (was 4e53012).

Karthik@Karthik MINGW64 ~/capg/assignments (master)
$ ls
README.txt  abc.css  hp.js  kar.html

Karthik@Karthik MINGW64 ~/capg/assignments (master)
$ git branch
* master
