Karthik@Karthik MINGW64 ~/capg (master)
$ mkdir assignments

Karthik@Karthik MINGW64 ~/capg (master)
$ cd assignments

Karthik@Karthik MINGW64 ~/capg/assignments (master)
$ git init
Initialized empty Git repository in C:/Users/mkart/CAPG/assignments/.git/

Karthik@Karthik MINGW64 ~/capg/assignments (master)
$ vi README.txt

Karthik@Karthik MINGW64 ~/capg/assignments (master)
$ git add README.txt
warning: LF will be replaced by CRLF in README.txt.
The file will have its original line endings in your working directory

Karthik@Karthik MINGW64 ~/capg/assignments (master)
$ git status
On branch master

No commits yet

Changes to be committed:
  (use "git rm --cached <file>..." to unstage)
        new file:   README.txt


Karthik@Karthik MINGW64 ~/capg/assignments (master)
$ git commit -m "readme commited"
[master (root-commit) b108ffa] readme commited
 1 file changed, 1 insertion(+)
 create mode 100644 README.txt

Karthik@Karthik MINGW64 ~/capg/assignments (master)
$ git branch html-assignments

Karthik@Karthik MINGW64 ~/capg/assignments (master)
$ git checkout

Karthik@Karthik MINGW64 ~/capg/assignments (master)
$ git checkout html-assignments
Switched to branch 'html-assignments'

Karthik@Karthik MINGW64 ~/capg/assignments (html-assignments)
$ vi kar.html

Karthik@Karthik MINGW64 ~/capg/assignments (html-assignments)
$ git commit -a -m "commit "
On branch html-assignments
Untracked files:
  (use "git add <file>..." to include in what will be committed)
        kar.html

nothing added to commit but untracked files present (use "git add" to track)

Karthik@Karthik MINGW64 ~/capg/assignments (html-assignments)
$ git add .
warning: LF will be replaced by CRLF in kar.html.
The file will have its original line endings in your working directory

Karthik@Karthik MINGW64 ~/capg/assignments (html-assignments)
$ git status
On branch html-assignments
Changes to be committed:
  (use "git restore --staged <file>..." to unstage)
        new file:   kar.html


Karthik@Karthik MINGW64 ~/capg/assignments (html-assignments)
$ git commit -m "commiting kar.html"
[html-assignments 962ac28] commiting kar.html
 1 file changed, 1 insertion(+)
 create mode 100644 kar.html

Karthik@Karthik MINGW64 ~/capg/assignments (html-assignments)
$ git checkout master
Switched to branch 'master'

Karthik@Karthik MINGW64 ~/capg/assignments (master)
$ ls
README.txt

Karthik@Karthik MINGW64 ~/capg/assignments (master)
$ vi README.txt

Karthik@Karthik MINGW64 ~/capg/assignments (master)
$ git commit -m "commting readme"
On branch master
Changes not staged for commit:
  (use "git add <file>..." to update what will be committed)
  (use "git restore <file>..." to discard changes in working directory)
        modified:   README.txt

no changes added to commit (use "git add" and/or "git commit -a")

Karthik@Karthik MINGW64 ~/capg/assignments (master)
$ git add .
warning: LF will be replaced by CRLF in README.txt.
The file will have its original line endings in your working directory

Karthik@Karthik MINGW64 ~/capg/assignments (master)
$ git commit -m "commting readme"
[master 7a5b782] commting readme
 1 file changed, 1 insertion(+), 1 deletion(-)

Karthik@Karthik MINGW64 ~/capg/assignments (master)
$ git status
On branch master
nothing to commit, working tree clean

Karthik@Karthik MINGW64 ~/capg/assignments (master)
$ git checkout html-assignments
Switched to branch 'html-assignments'

Karthik@Karthik MINGW64 ~/capg/assignments (html-assignments)
$ vi kar.html

Karthik@Karthik MINGW64 ~/capg/assignments (html-assignments)
$ git add .

Karthik@Karthik MINGW64 ~/capg/assignments (html-assignments)
$ git commit -a -m "add and commiting"
[html-assignments a164d96] add and commiting
 1 file changed, 1 insertion(+), 1 deletion(-)

Karthik@Karthik MINGW64 ~/capg/assignments (html-assignments)
$ git status
On branch html-assignments
nothing to commit, working tree clean

Karthik@Karthik MINGW64 ~/capg/assignments (html-assignments)
$ git checkout master
Switched to branch 'master'

Karthik@Karthik MINGW64 ~/capg/assignments (master)
$ ls
README.txt

Karthik@Karthik MINGW64 ~/capg/assignments (master)
$ git merge html-assignments
Merge made by the 'recursive' strategy.
 kar.html | 1 +
 1 file changed, 1 insertion(+)
 create mode 100644 kar.html

Karthik@Karthik MINGW64 ~/capg/assignments (master)
$ ls
README.txt  kar.html

Karthik@Karthik MINGW64 ~/capg/assignments (master)
$ git branch -d html-assignments
Deleted branch html-assignments (was a164d96).

Karthik@Karthik MINGW64 ~/capg/assignments (master)
$ git branch
* master

Karthik@Karthik MINGW64 ~/capg/assignments (master)
$
